Microchip MPLAB XC8 Compiler V2.46

Linker command line:

-W-3 --edf=/opt/microchip/xc8/v2.46/pic/dat/20240104201356_en.msgs -cn \
  -h+dist/default/production/app.X.production.sym \
  --cmf=dist/default/production/app.X.production.cmf -z -Q18F4620 \
  -o/tmp/xcXlPfhiG/driver_tmp_3.o --defsym=__MPLAB_BUILD=1 \
  --fixupoverflow=error -Mdist/default/production/app.X.production.map \
  --md=/tmp/xcXlPfhiG/driver_tmp_0.dat -E1 -ver=XC8 Compiler --acfsm=1493 \
  -ACODE=00h-0FFFFh -ACONST=00h-0FFFFh -ASMALLCONST=01000h-010FFhx240 \
  -AMEDIUMCONST=01000h-0FFFFh -ACOMRAM=01h-07Fh -AABS1=00h-0F7Fh \
  -ABIGRAM=01h-0F7Fh -ARAM=080h-0FFh,0100h-01FFhx14,0F00h-0F7Fh \
  -ABANK0=080h-0FFh -ABANK1=0100h-01FFh -ABANK2=0200h-02FFh \
  -ABANK3=0300h-03FFh -ABANK4=0400h-04FFh -ABANK5=0500h-05FFh \
  -ABANK6=0600h-06FFh -ABANK7=0700h-07FFh -ABANK8=0800h-08FFh \
  -ABANK9=0900h-09FFh -ABANK10=0A00h-0AFFh -ABANK11=0B00h-0BFFh \
  -ABANK12=0C00h-0CFFh -ABANK13=0D00h-0DFFh -ABANK14=0E00h-0EFFh \
  -ABANK15=0F00h-0F7Fh -ASFR=0F80h-0FFFh -ABIGSFR=0F80h-0FFFh \
  -ACONFIG=0300000h-030000Dh -AIDLOC=0200000h-0200007h \
  -AEEDATA=0F00000h-0F003FFh -peeprom_data=EEDATA \
  -preset_vec=00h,intcode=8h,intcodelo,powerup,init -pramtop=01000h \
  -psmallconst=SMALLCONST -pmediumconst=MEDIUMCONST -pconst=CONST \
  -AFARRAM=00h-00h \
  -prdata=COMRAM,nvrram=COMRAM,nvbit=COMRAM,rbss=COMRAM,rbit=COMRAM \
  -pfarbss=FARRAM,fardata=FARRAM,nvFARRAM=FARRAM \
  -pintsave_regs=BIGRAM,bigbss=BIGRAM,bigdata=BIGRAM -pbss=RAM \
  -pidata=CODE,irdata=CODE,ibigdata=CODE,ifardata=CODE -prparam=COMRAM \
  /tmp/xcXlPfhiG/driver_tmp_9.o dist/default/production/app.X.production.o 

Object code version is 3.11

Machine type is 18F4620



                Name                               Link     Load   Length Selector   Space Scale
/tmp/xcXlPfhiG/driver_tmp_9.o
                config                           300000   300000        E        0       4
                init                                  E        E        4        4       0
                reset_vec                             0        0        4        0       0
dist/default/production/app.X.production.o
                intcode                               8        8        6        4       0
                config                           300000   300000        E        0       4
                temp                                 7D       7D        1        1       1
                smallconst                         1000     1000        2      800       0
                text19                             17C4     17C4        4      801       0
                text18                             17C0     17C0        4      801       0
                text17                             17BC     17BC        4      801       0
                text16                             12B8     12B8      110      801       0
                text15                             163A     163A       6A      801       0
                text14                             15D0     15D0       6A      801       0
                text13                             17AE     17AE        A      801       0
                text12                             1754     1754       28      801       0
                text11                             17A4     17A4        A      801       0
                text10                             179A     179A        A      801       0
                text9                              1790     1790        A      801       0
                text8                              172C     172C       28      801       0
                text7                              1786     1786        A      801       0
                text6                              177C     177C        A      801       0
                text5                              154E     154E       82      801       0
                text4                              14CC     14CC       82      801       0
                text3                              144A     144A       82      801       0
                text2                              13C8     13C8       82      801       0
                intcode_body                       1002     1002      2B6      801       0
                text0                              17B8     17B8        4      801       0
                cstackCOMRAM                         69       69       14        1       1
                dataCOMRAM                            1        1       4E        1       1
                bssCOMRAM                            4F       4F       1A        1       1
                cinit                              16F2     16F2       3A      801       0
                idataCOMRAM                        16A4     16A4       4E      801       0

TOTAL           Name                               Link     Load   Length     Space
        CLASS   CODE           
                intcode                               8        8        6         0
                init                                  E        E        4         0
                reset_vec                             0        0        4         0
                text19                             17C4     17C4        4         0
                text18                             17C0     17C0        4         0
                text17                             17BC     17BC        4         0
                text16                             12B8     12B8      110         0
                text15                             163A     163A       6A         0
                text14                             15D0     15D0       6A         0
                text13                             17AE     17AE        A         0
                text12                             1754     1754       28         0
                text11                             17A4     17A4        A         0
                text10                             179A     179A        A         0
                text9                              1790     1790        A         0
                text8                              172C     172C       28         0
                text7                              1786     1786        A         0
                text6                              177C     177C        A         0
                text5                              154E     154E       82         0
                text4                              14CC     14CC       82         0
                text3                              144A     144A       82         0
                text2                              13C8     13C8       82         0
                intcode_body                       1002     1002      2B6         0
                text0                              17B8     17B8        4         0
                cinit                              16F2     16F2       3A         0
                idataCOMRAM                        16A4     16A4       4E         0

        CLASS   CONST          

        CLASS   SMALLCONST     
                smallconst                         1000     1000        2         0

        CLASS   MEDIUMCONST    

        CLASS   COMRAM         
                temp                                 7D       7D        1         1
                cstackCOMRAM                         69       69       14         1
                dataCOMRAM                            1        1       4E         1
                bssCOMRAM                            4F       4F       1A         1

        CLASS   ABS1           

        CLASS   BIGRAM         

        CLASS   RAM            

        CLASS   BANK0          

        CLASS   BANK1          

        CLASS   BANK2          

        CLASS   BANK3          

        CLASS   BANK4          

        CLASS   BANK5          

        CLASS   BANK6          

        CLASS   BANK7          

        CLASS   BANK8          

        CLASS   BANK9          

        CLASS   BANK10         

        CLASS   BANK11         

        CLASS   BANK12         

        CLASS   BANK13         

        CLASS   BANK14         

        CLASS   BANK15         

        CLASS   SFR            

        CLASS   BIGSFR         

        CLASS   CONFIG         
                config                           300000   300000        E         4

        CLASS   IDLOC          

        CLASS   EEDATA         

        CLASS   FARRAM         

        CLASS   HEAP           

        CLASS   STACK          



SEGMENTS        Name                           Load    Length   Top    Selector   Space  Class

                reset_vec                      000000  000004  000004         0       0  CODE    
                intcode_body                   001002  0007C6  0017C8       801       0  CODE    
                intcode                        000008  00000A  000012         4       0  CODE    
                dataCOMRAM                     000001  00007D  00007E         1       1  COMRAM  
                smallconst                     001000  000002  001002       800       0  SMALLCON


UNUSED ADDRESS RANGES

        Name                Unused          Largest block    Delta
        BANK0            000080-0000FF               80
        BANK1            000100-0001FF              100
        BANK10           000A00-000AFF              100
        BANK11           000B00-000BFF              100
        BANK12           000C00-000CFF              100
        BANK13           000D00-000DFF              100
        BANK14           000E00-000EFF              100
        BANK15           000F00-000F7F               80
        BANK2            000200-0002FF              100
        BANK3            000300-0003FF              100
        BANK4            000400-0004FF              100
        BANK5            000500-0005FF              100
        BANK6            000600-0006FF              100
        BANK7            000700-0007FF              100
        BANK8            000800-0008FF              100
        BANK9            000900-0009FF              100
        BIGRAM           00007E-000F7F              F02
        BIGSFR           000F80-000FFF               80
        CODE             000004-000007                4
                         000012-000FFF              FEE
                         0017C8-00FFFF             E838
        COMRAM           00007E-00007F                2
        CONST            000004-000007                4
                         000012-000FFF              FEE
                         0017C8-00FFFF             E838
        EEDATA           F00000-F003FF              400
        IDLOC            200000-200007                8
        MEDIUMCONST      0017C8-00FFFF             E838
        RAM              000080-000F7F              100
        SFR              000F80-000FFF               80
        SMALLCONST       0017C8-00FFFF              100

                                  Symbol Table

RB4_ISR@RB4_Source               cstackCOMRAM 000076
RB5_ISR@RB5_Source               cstackCOMRAM 000076
RB6_ISR@RB6_Source               cstackCOMRAM 000076
RB7_ISR@RB7_Source               cstackCOMRAM 000076
_EEADR                           (abs)        000FA9
_EEADRH                          (abs)        000FAA
_EECON1bits                      (abs)        000FA6
_EECON2                          (abs)        000FA7
_EEDATA                          (abs)        000FA8
_INT0_ISR                        text19       0017C4
_INT0_InterruptHandler           bssCOMRAM    000063
_INT1_ISR                        text18       0017C0
_INT1_InterruptHandler           bssCOMRAM    000061
_INT2_ISR                        text17       0017BC
_INT2_InterruptHandler           bssCOMRAM    00005F
_INTCON2bits                     (abs)        000FF1
_INTCON3bits                     (abs)        000FF0
_INTCONbits                      (abs)        000FF2
_InterruptManager                intcode      000008
_LATA                            (abs)        000F89
_LATB                            (abs)        000F8A
_LATC                            (abs)        000F8B
_LATD                            (abs)        000F8C
_LATE                            (abs)        000F8D
_PORTA                           (abs)        000F80
_PORTB                           (abs)        000F81
_PORTBbits                       (abs)        000F81
_PORTC                           (abs)        000F82
_PORTD                           (abs)        000F83
_PORTE                           (abs)        000F84
_RB4_Flag                        dataCOMRAM   00004A
_RB4_HIGH_Int_APP_ISR            text12       001754
_RB4_ISR                         text5        00154E
_RB4_InterruptHandler_HIGH       bssCOMRAM    00005D
_RB4_InterruptHandler_LOW        bssCOMRAM    00005B
_RB4_LOW_Int_APP_ISR             text8        00172C
_RB5_Flag                        dataCOMRAM   000049
_RB5_HIGH_Int_APP_ISR            text11       0017A4
_RB5_ISR                         text4        0014CC
_RB5_InterruptHandler_HIGH       bssCOMRAM    000059
_RB5_InterruptHandler_LOW        bssCOMRAM    000057
_RB5_LOW_Int_APP_ISR             text7        001786
_RB6_Flag                        dataCOMRAM   000048
_RB6_HIGH_Int_APP_ISR            text10       00179A
_RB6_ISR                         text3        00144A
_RB6_InterruptHandler_HIGH       bssCOMRAM    000055
_RB6_InterruptHandler_LOW        bssCOMRAM    000053
_RB6_LOW_Int_APP_ISR             text6        00177C
_RB7_Flag                        dataCOMRAM   000047
_RB7_HIGH_Int_APP_ISR            text13       0017AE
_RB7_ISR                         text2        0013C8
_RB7_InterruptHandler_HIGH       bssCOMRAM    000051
_RB7_InterruptHandler_LOW        bssCOMRAM    00004F
_RB7_LOW_Int_APP_ISR             text9        001790
_TRISA                           (abs)        000F92
_TRISB                           (abs)        000F93
_TRISC                           (abs)        000F94
_TRISD                           (abs)        000F95
_TRISE                           (abs)        000F96
__HRAM                           (abs)        000000
__H__absolute__                  __absolute__ 000000
__Habs1                          abs1         000000
__Hbank0                         bank0        000000
__Hbank1                         bank1        000000
__Hbank10                        bank10       000000
__Hbank11                        bank11       000000
__Hbank12                        bank12       000000
__Hbank13                        bank13       000000
__Hbank14                        bank14       000000
__Hbank15                        bank15       000000
__Hbank2                         bank2        000000
__Hbank3                         bank3        000000
__Hbank4                         bank4        000000
__Hbank5                         bank5        000000
__Hbank6                         bank6        000000
__Hbank7                         bank7        000000
__Hbank8                         bank8        000000
__Hbank9                         bank9        000000
__Hbigbss                        bigbss       000000
__Hbigdata                       bigdata      000000
__Hbigram                        bigram       000000
__Hbigsfr                        bigsfr       000000
__Hbss                           bss          000000
__HbssCOMRAM                     bssCOMRAM    000000
__Hcinit                         cinit        000000
__Hclrtext                       clrtext      000000
__Hcomram                        comram       000000
__Hconfig                        config       30000E
__Hconst                         const        000000
__HcstackBANK0                   cstackBANK0  000000
__HcstackCOMRAM                  cstackCOMRAM 000000
__Hdata                          data         000000
__HdataCOMRAM                    dataCOMRAM   000000
__Heeprom_data                   eeprom_data  000000
__Hfarbss                        farbss       000000
__Hfardata                       fardata      000000
__Hheap                          heap         000000
__Hibigdata                      ibigdata     000000
__Hidata                         idata        000000
__HidataCOMRAM                   idataCOMRAM  000000
__Hidloc                         idloc        000000
__Hifardata                      ifardata     000000
__Hinit                          init         000012
__Hintcode                       intcode      00000E
__Hintcode_body                  intcode_body 000000
__Hintcodelo                     intcodelo    00000E
__Hintentry                      intentry     000000
__Hintret                        intret       000000
__Hintsave_regs                  intsave_regs 000000
__Hirdata                        irdata       000000
__Hmediumconst                   mediumconst  000000
__HnvFARRAM                      nvFARRAM     000000
__Hnvbit                         nvbit        000000
__Hnvrram                        nvrram       000000
__Hparam                         rparam       000000
__Hpowerup                       powerup      00000E
__Hram                           ram          000000
__Hramtop                        ramtop       001000
__Hrbit                          rbit         000000
__Hrbss                          rbss         000000
__Hrdata                         rdata        000000
__Hreset_vec                     reset_vec    000004
__Hrparam                        rparam       000000
__Hsfr                           sfr          000000
__Hsivt_hi                       sivt_hi      000000
__Hsivt_lo                       sivt_lo      000000
__Hsmallconst                    smallconst   001002
__Hspace_0                       (abs)        0017C8
__Hspace_1                       (abs)        00007E
__Hspace_2                       (abs)        000000
__Hspace_4                       (abs)        60000E
__Hstack                         stack        000000
__Hstruct                        struct       000000
__Htemp                          temp         00007E
__Htext                          text         000000
__Htext0                         text0        000000
__Htext10                        text10       000000
__Htext11                        text11       000000
__Htext12                        text12       000000
__Htext13                        text13       000000
__Htext14                        text14       000000
__Htext15                        text15       000000
__Htext16                        text16       000000
__Htext17                        text17       000000
__Htext18                        text18       000000
__Htext19                        text19       000000
__Htext2                         text2        000000
__Htext3                         text3        000000
__Htext4                         text4        000000
__Htext5                         text5        000000
__Htext6                         text6        000000
__Htext7                         text7        000000
__Htext8                         text8        000000
__Htext9                         text9        000000
__LRAM                           (abs)        000001
__L__absolute__                  __absolute__ 000000
__Labs1                          abs1         000000
__Lbank0                         bank0        000000
__Lbank1                         bank1        000000
__Lbank10                        bank10       000000
__Lbank11                        bank11       000000
__Lbank12                        bank12       000000
__Lbank13                        bank13       000000
__Lbank14                        bank14       000000
__Lbank15                        bank15       000000
__Lbank2                         bank2        000000
__Lbank3                         bank3        000000
__Lbank4                         bank4        000000
__Lbank5                         bank5        000000
__Lbank6                         bank6        000000
__Lbank7                         bank7        000000
__Lbank8                         bank8        000000
__Lbank9                         bank9        000000
__Lbigbss                        bigbss       000000
__Lbigdata                       bigdata      000000
__Lbigram                        bigram       000000
__Lbigsfr                        bigsfr       000000
__Lbss                           bss          000000
__LbssCOMRAM                     bssCOMRAM    000000
__Lcinit                         cinit        000000
__Lclrtext                       clrtext      000000
__Lcomram                        comram       000000
__Lconfig                        config       000000
__Lconst                         const        000000
__LcstackBANK0                   cstackBANK0  000000
__LcstackCOMRAM                  cstackCOMRAM 000000
__Ldata                          data         000000
__LdataCOMRAM                    dataCOMRAM   000000
__Leeprom_data                   eeprom_data  000000
__Lfarbss                        farbss       000000
__Lfardata                       fardata      000000
__Lheap                          heap         000000
__Libigdata                      ibigdata     000000
__Lidata                         idata        000000
__LidataCOMRAM                   idataCOMRAM  000000
__Lidloc                         idloc        000000
__Lifardata                      ifardata     000000
__Linit                          init         00000E
__Lintcode                       intcode      000008
__Lintcode_body                  intcode_body 000000
__Lintcodelo                     intcodelo    00000E
__Lintentry                      intentry     000000
__Lintret                        intret       000000
__Lintsave_regs                  intsave_regs 000000
__Lirdata                        irdata       000000
__Lmediumconst                   mediumconst  000000
__LnvFARRAM                      nvFARRAM     000000
__Lnvbit                         nvbit        000000
__Lnvrram                        nvrram       000000
__Lparam                         rparam       000000
__Lpowerup                       powerup      00000E
__Lram                           ram          000000
__Lramtop                        ramtop       001000
__Lrbit                          rbit         000000
__Lrbss                          rbss         000000
__Lrdata                         rdata        000000
__Lreset_vec                     reset_vec    000000
__Lrparam                        rparam       000000
__Lsfr                           sfr          000000
__Lsivt_hi                       sivt_hi      000000
__Lsivt_lo                       sivt_lo      000000
__Lsmallconst                    smallconst   001000
__Lspace_0                       (abs)        000000
__Lspace_1                       (abs)        000000
__Lspace_2                       (abs)        000000
__Lspace_4                       (abs)        000000
__Lstack                         stack        000000
__Lstruct                        struct       000000
__Ltemp                          temp         00007D
__Ltext                          text         000000
__Ltext0                         text0        000000
__Ltext10                        text10       000000
__Ltext11                        text11       000000
__Ltext12                        text12       000000
__Ltext13                        text13       000000
__Ltext14                        text14       000000
__Ltext15                        text15       000000
__Ltext16                        text16       000000
__Ltext17                        text17       000000
__Ltext18                        text18       000000
__Ltext19                        text19       000000
__Ltext2                         text2        000000
__Ltext3                         text3        000000
__Ltext4                         text4        000000
__Ltext5                         text5        000000
__Ltext6                         text6        000000
__Ltext7                         text7        000000
__Ltext8                         text8        000000
__Ltext9                         text9        000000
__S0                             (abs)        0017C8
__S1                             (abs)        00007E
__S4                             (abs)        000000
__S5                             (abs)        000000
___heap_hi                       (abs)        000000
___heap_lo                       (abs)        000000
___inthi_sp                      stack        000000
___inthi_stack_hi                stack        000000
___inthi_stack_lo                stack        000000
___intlo_sp                      stack        000000
___intlo_stack_hi                stack        000000
___intlo_stack_lo                stack        000000
___param_bank                    (abs)        000000
___rparam_used                   (abs)        000001
___sp                            stack        000000
___stack_hi                      stack        000000
___stack_lo                      stack        000000
__accesstop                      (abs)        000080
__activetblptr                   (abs)        000002
__end_of_INT0_ISR                text19       0017C8
__end_of_INT1_ISR                text18       0017C4
__end_of_INT2_ISR                text17       0017C0
__end_of_InterruptManager        intcode_body 0012B8
__end_of_RB4_HIGH_Int_APP_ISR    text12       00177C
__end_of_RB4_ISR                 text5        0015D0
__end_of_RB4_LOW_Int_APP_ISR     text8        001754
__end_of_RB5_HIGH_Int_APP_ISR    text11       0017AE
__end_of_RB5_ISR                 text4        00154E
__end_of_RB5_LOW_Int_APP_ISR     text7        001790
__end_of_RB6_HIGH_Int_APP_ISR    text10       0017A4
__end_of_RB6_ISR                 text3        0014CC
__end_of_RB6_LOW_Int_APP_ISR     text6        001786
__end_of_RB7_HIGH_Int_APP_ISR    text13       0017B8
__end_of_RB7_ISR                 text2        00144A
__end_of_RB7_LOW_Int_APP_ISR     text9        00179A
__end_of__initialization         cinit        00171E
__end_of_gpio_pin_write_logic    text16       0013C8
__end_of_led_turn_off            text15       0016A4
__end_of_led_turn_on             text14       00163A
__end_of_main                    text0        0017BC
__initialization                 cinit        0016F2
__mediumconst                    mediumconst  000000
__pbssCOMRAM                     bssCOMRAM    00004F
__pcinit                         cinit        0016F2
__pcstackBANK0                   cstackBANK0  000000
__pcstackCOMRAM                  cstackCOMRAM 000069
__pdataCOMRAM                    dataCOMRAM   000001
__pidataCOMRAM                   idataCOMRAM  0016A4
__pintcode                       intcode      000008
__pintcode_body                  intcode_body 001002
__psmallconst                    smallconst   001000
__ptext0                         text0        0017B8
__ptext10                        text10       00179A
__ptext11                        text11       0017A4
__ptext12                        text12       001754
__ptext13                        text13       0017AE
__ptext14                        text14       0015D0
__ptext15                        text15       00163A
__ptext16                        text16       0012B8
__ptext17                        text17       0017BC
__ptext18                        text18       0017C0
__ptext19                        text19       0017C4
__ptext2                         text2        0013C8
__ptext3                         text3        00144A
__ptext4                         text4        0014CC
__ptext5                         text5        00154E
__ptext6                         text6        00177C
__ptext7                         text7        001786
__ptext8                         text8        00172C
__ptext9                         text9        001790
__ramtop                         ramtop       001000
__smallconst                     smallconst   001000
_gpio_pin_write_logic            text16       0012B8
_lat_registers                   dataCOMRAM   000015
_lcd_1                           dataCOMRAM   000041
_lcd_2                           dataCOMRAM   000001
_led1                            dataCOMRAM   00004E
_led2                            dataCOMRAM   00004D
_led3                            dataCOMRAM   00004C
_led4                            dataCOMRAM   00004B
_led_turn_off                    text15       00163A
_led_turn_on                     text14       0015D0
_main                            text0        0017B8
_port_registers                  dataCOMRAM   00000B
_rb4_int_obj                     dataCOMRAM   00003B
_rb5_int_obj                     dataCOMRAM   000035
_rb6_int_obj                     dataCOMRAM   00002F
_rb7_int_obj                     dataCOMRAM   000029
_tris_registers                  dataCOMRAM   00001F
btemp                            temp         00007D
end_of_initialization            cinit        00171E
gpio_pin_write_logic@_pin_config cstackCOMRAM 000069
gpio_pin_write_logic@logic       cstackCOMRAM 00006A
gpio_pin_write_logic@ret         cstackCOMRAM 000070
int$flags                        temp         00007D
int_func                         intcode_body 001002
intlevel0                        text         000000
intlevel1                        text         000000
intlevel2                        text         000000
intlevel3                        text         000000
isa$std                          (abs)        000001
isa$xinst                        (abs)        000000
led_initialize@F2347             bssCOMRAM    000068
led_turn_off@F2357               bssCOMRAM    000066
led_turn_off@led                 cstackCOMRAM 000071
led_turn_off@pin_obj             cstackCOMRAM 000073
led_turn_on@F2352                bssCOMRAM    000067
led_turn_on@led                  cstackCOMRAM 000071
led_turn_on@pin_obj              cstackCOMRAM 000073
led_turn_toggle@F2362            bssCOMRAM    000065
stackhi                          (abs)        000000
stacklo                          (abs)        000000
start                            init         00000E
start_initialization             cinit        0016F2
ttemp5                           temp         00007E
ttemp6                           temp         000081
ttemp7                           temp         000085
wtemp8                           temp         00007E


MODULE INFORMATION

Module		Function		Class		Link	Load	Size
shared
		__initialization		CODE           	16F2	0000	44

shared estimated size: 44

MCAL_Layer/Interrupt/mcal_external_interrupt.c
		_RB4_ISR       		CODE           	154E	0000	130
		_RB5_ISR       		CODE           	14CC	0000	130
		_RB6_ISR       		CODE           	144A	0000	130
		_RB7_ISR       		CODE           	13C8	0000	130
		_INT0_ISR      		CODE           	17C4	0000	4
		_INT1_ISR      		CODE           	17C0	0000	4
		_INT2_ISR      		CODE           	17BC	0000	4

MCAL_Layer/Interrupt/mcal_external_interrupt.c estimated size: 532

app.c
		_RB7_LOW_Int_APP_ISR		CODE           	1790	0000	10
		_RB4_HIGH_Int_APP_ISR		CODE           	1754	0000	40
		_RB5_HIGH_Int_APP_ISR		CODE           	17A4	0000	10
		_RB6_HIGH_Int_APP_ISR		CODE           	179A	0000	10
		_main          		CODE           	17B8	0000	4
		_RB7_HIGH_Int_APP_ISR		CODE           	17AE	0000	10
		_RB4_LOW_Int_APP_ISR		CODE           	172C	0000	40
		_RB5_LOW_Int_APP_ISR		CODE           	1786	0000	10
		_RB6_LOW_Int_APP_ISR		CODE           	177C	0000	10

app.c estimated size: 144

MCAL_Layer/Interrupt/mcal_interrupt_manager.c
		_InterruptManager		CODE           	0008	0000	700

MCAL_Layer/Interrupt/mcal_interrupt_manager.c estimated size: 700

MCAL_Layer/GPIO/hal_gpio.c
		_gpio_pin_write_logic		CODE           	12B8	0000	272

MCAL_Layer/GPIO/hal_gpio.c estimated size: 272

ECU_Layer/LED/ecu_led.c
		_led_turn_on   		CODE           	15D0	0000	106
		_led_turn_off  		CODE           	163A	0000	106

ECU_Layer/LED/ecu_led.c estimated size: 212

